2026-03-07 05:56:51 | pretrain | INFO | Device: cuda
2026-03-07 05:56:51 | pretrain | INFO | Config: /content/gpt-2/v1_nvidia/config.yaml
2026-03-07 05:56:52 | pretrain | INFO | Model: GPT2Config(vocab_size=32305, d_model=512, n_layers=8, n_heads=8, d_ff=2048, context_length=2048, dropout=0.1, bias=False)
2026-03-07 05:56:52 | pretrain | INFO | Parameters: 42,771,968
2026-03-07 05:56:52 | pretrain | INFO | Preparing datasets...
2026-03-07 05:58:13 | v1_nvidia.data.dataset | INFO | Tokenized 1094 records -> 9,973,151 tokens
2026-03-07 05:58:13 | v1_nvidia.data.dataset | INFO | Cached tokens to /content/gpt-2/v1_nvidia/data/cache/tokenized.npy
2026-03-07 05:58:13 | v1_nvidia.data.dataset | INFO | Chunked 9,973,151 tokens into 4,869 chunks of 2048 tokens (1439 tokens dropped)
2026-03-07 05:58:13 | v1_nvidia.data.dataset | INFO | Split: 4383 train, 486 val (10% held out)
2026-03-07 05:58:13 | pretrain | INFO | Train: 4383 chunks, Val: 486 chunks
2026-03-07 05:58:18 | pretrain | INFO | Starting pretraining...
2026-03-07 05:58:18 | pretrain | INFO |   Graceful stop: echo "STOP" > /content/gpt-2/v1_nvidia/STOP
2026-03-07 05:58:18 | v1_nvidia.training.trainer | INFO | Training: 100 max epochs, 547 steps/epoch, 136 weight updates/epoch, batch=8, accum=4, effective_batch=32
2026-03-07 05:58:18 | v1_nvidia.training.trainer | INFO | Data: 4383 train chunks, 486 val chunks, context=2048, tokens/update=65,504
2026-03-07 05:58:50 | v1_nvidia.training.trainer | INFO | Step 100 | Epoch 1/100 | Loss: 10.0251 | PPL: 22585.68 | LR: 2.17e-05 | Time: 31s | 52045 tok/s
2026-03-07 05:59:21 | v1_nvidia.training.trainer | INFO | Step 200 | Epoch 1/100 | Loss: 9.6754 | PPL: 15920.31 | LR: 4.37e-05 | Time: 31s | 52841 tok/s
2026-03-07 05:59:52 | v1_nvidia.training.trainer | INFO | Step 300 | Epoch 1/100 | Loss: 9.2974 | PPL: 10909.89 | LR: 6.56e-05 | Time: 31s | 52743 tok/s
2026-03-07 06:00:23 | v1_nvidia.training.trainer | INFO | Step 400 | Epoch 1/100 | Loss: 8.8840 | PPL: 7215.89 | LR: 8.75e-05 | Time: 31s | 52704 tok/s
2026-03-07 06:00:54 | v1_nvidia.training.trainer | INFO | Step 500 | Epoch 1/100 | Loss: 8.4919 | PPL: 4874.96 | LR: 1.09e-04 | Time: 31s | 52689 tok/s
2026-03-07 06:01:14 | v1_nvidia.training.trainer | INFO | Epoch 1/100 | Train Loss: 8.3295 (PPL: 4144.41) | Val Loss: 6.5584 (PPL: 705.16) | Time: 170.3s | Mem: 2.7GB
2026-03-07 06:01:15 | v1_nvidia.training.trainer | INFO | Checkpoint saved: /content/gpt-2/v1_nvidia/checkpoints/pretrained/best
2026-03-07 06:01:15 | v1_nvidia.training.trainer | INFO |   New best (val_loss=6.5584, improved by inf)
2026-03-07 06:01:15 | v1_nvidia.training.trainer | INFO |   Weight stats logged for epoch 1
2026-03-07 06:01:16 | v1_nvidia.training.trainer | INFO |   Resume checkpoint saved (epoch 1)
2026-03-07 06:01:32 | v1_nvidia.training.trainer | INFO | Step 600 | Epoch 2/100 | Loss: 6.3726 | PPL: 585.56 | LR: 1.31e-04 | Time: 39s | 42484 tok/s
2026-03-07 06:02:03 | v1_nvidia.training.trainer | INFO | Step 700 | Epoch 2/100 | Loss: 6.2437 | PPL: 514.78 | LR: 1.53e-04 | Time: 31s | 52694 tok/s
2026-03-07 06:02:35 | v1_nvidia.training.trainer | INFO | Step 800 | Epoch 2/100 | Loss: 6.1325 | PPL: 460.57 | LR: 1.75e-04 | Time: 31s | 52677 tok/s
2026-03-07 06:03:06 | v1_nvidia.training.trainer | INFO | Step 900 | Epoch 2/100 | Loss: 6.0366 | PPL: 418.48 | LR: 1.97e-04 | Time: 31s | 52643 tok/s
2026-03-07 06:03:37 | v1_nvidia.training.trainer | INFO | Step 1000 | Epoch 2/100 | Loss: 5.9547 | PPL: 385.54 | LR: 2.19e-04 | Time: 31s | 52636 tok/s
2026-03-07 06:04:12 | v1_nvidia.training.trainer | INFO | Epoch 2/100 | Train Loss: 5.8853 (PPL: 359.71) | Val Loss: 5.5570 (PPL: 259.05) | Time: 169.8s | Mem: 2.7GB
2026-03-07 06:04:12 | v1_nvidia.training.trainer | INFO | Checkpoint saved: /content/gpt-2/v1_nvidia/checkpoints/pretrained/best
2026-03-07 06:04:12 | v1_nvidia.training.trainer | INFO |   New best (val_loss=5.5570, improved by 1.0014)
2026-03-07 06:04:13 | v1_nvidia.training.trainer | INFO |   Weight stats logged for epoch 2
2026-03-07 06:04:14 | v1_nvidia.training.trainer | INFO |   Resume checkpoint saved (epoch 2)
2026-03-07 06:04:16 | v1_nvidia.training.trainer | INFO | Step 1100 | Epoch 3/100 | Loss: 5.4744 | PPL: 238.51 | LR: 2.41e-04 | Time: 39s | 42270 tok/s
2026-03-07 06:04:47 | v1_nvidia.training.trainer | INFO | Step 1200 | Epoch 3/100 | Loss: 5.4447 | PPL: 231.52 | LR: 2.63e-04 | Time: 31s | 52663 tok/s
2026-03-07 06:05:18 | v1_nvidia.training.trainer | INFO | Step 1300 | Epoch 3/100 | Loss: 5.3595 | PPL: 212.62 | LR: 2.85e-04 | Time: 31s | 52641 tok/s
2026-03-07 06:05:49 | v1_nvidia.training.trainer | INFO | Step 1400 | Epoch 3/100 | Loss: 5.3118 | PPL: 202.72 | LR: 3.07e-04 | Time: 31s | 52590 tok/s
2026-03-07 06:06:20 | v1_nvidia.training.trainer | INFO | Step 1500 | Epoch 3/100 | Loss: 5.2835 | PPL: 197.05 | LR: 3.29e-04 | Time: 31s | 52566 tok/s
2026-03-07 06:06:51 | v1_nvidia.training.trainer | INFO | Step 1600 | Epoch 3/100 | Loss: 5.2464 | PPL: 189.88 | LR: 3.51e-04 | Time: 31s | 52541 tok/s
2026-03-07 06:07:10 | v1_nvidia.training.trainer | INFO | Epoch 3/100 | Train Loss: 5.2316 (PPL: 187.10) | Val Loss: 5.0888 (PPL: 162.19) | Time: 170.0s | Mem: 2.7GB
2026-03-07 06:07:10 | v1_nvidia.training.trainer | INFO | Checkpoint saved: /content/gpt-2/v1_nvidia/checkpoints/pretrained/best
2026-03-07 06:07:10 | v1_nvidia.training.trainer | INFO |   New best (val_loss=5.0888, improved by 0.4682)
2026-03-07 06:07:10 | v1_nvidia.training.trainer | INFO |   Weight stats logged for epoch 3
2026-03-07 06:07:12 | v1_nvidia.training.trainer | INFO |   Resume checkpoint saved (epoch 3)
2026-03-07 06:07:30 | v1_nvidia.training.trainer | INFO | Step 1700 | Epoch 4/100 | Loss: 4.9101 | PPL: 135.65 | LR: 3.73e-04 | Time: 39s | 42148 tok/s
2026-03-07 06:08:01 | v1_nvidia.training.trainer | INFO | Step 1800 | Epoch 4/100 | Loss: 4.9246 | PPL: 137.63 | LR: 3.95e-04 | Time: 31s | 52685 tok/s
2026-03-07 06:08:32 | v1_nvidia.training.trainer | INFO | Step 1900 | Epoch 4/100 | Loss: 4.8850 | PPL: 132.28 | LR: 4.17e-04 | Time: 31s | 52679 tok/s
2026-03-07 06:09:03 | v1_nvidia.training.trainer | INFO | Step 2000 | Epoch 4/100 | Loss: 4.8549 | PPL: 128.37 | LR: 4.39e-04 | Time: 31s | 52672 tok/s
2026-03-07 06:09:34 | v1_nvidia.training.trainer | INFO | Step 2100 | Epoch 4/100 | Loss: 4.8186 | PPL: 123.79 | LR: 4.60e-04 | Time: 31s | 52649 tok/s
2026-03-07 06:10:08 | v1_nvidia.training.trainer | INFO | Epoch 4/100 | Train Loss: 4.7871 (PPL: 119.95) | Val Loss: 4.6849 (PPL: 108.30) | Time: 169.8s | Mem: 2.7GB
2026-03-07 06:10:08 | v1_nvidia.training.trainer | INFO | Checkpoint saved: /content/gpt-2/v1_nvidia/checkpoints/pretrained/best
2026-03-07 06:10:08 | v1_nvidia.training.trainer | INFO |   New best (val_loss=4.6849, improved by 0.4039)
2026-03-07 06:10:08 | v1_nvidia.training.trainer | INFO |   Weight stats logged for epoch 4
2026-03-07 06:10:09 | v1_nvidia.training.trainer | INFO |   Resume checkpoint saved (epoch 4)
2026-03-07 06:10:13 | v1_nvidia.training.trainer | INFO | Step 2200 | Epoch 5/100 | Loss: 4.6003 | PPL: 99.52 | LR: 4.82e-04 | Time: 39s | 42163 tok/s
2026-03-07 06:10:44 | v1_nvidia.training.trainer | INFO | Step 2300 | Epoch 5/100 | Loss: 4.5458 | PPL: 94.23 | LR: 5.04e-04 | Time: 31s | 52682 tok/s
2026-03-07 06:11:15 | v1_nvidia.training.trainer | INFO | Step 2400 | Epoch 5/100 | Loss: 4.5076 | PPL: 90.71 | LR: 5.26e-04 | Time: 31s | 52683 tok/s
2026-03-07 06:11:46 | v1_nvidia.training.trainer | INFO | Step 2500 | Epoch 5/100 | Loss: 4.4787 | PPL: 88.12 | LR: 5.48e-04 | Time: 31s | 52662 tok/s
2026-03-07 06:12:18 | v1_nvidia.training.trainer | INFO | Step 2600 | Epoch 5/100 | Loss: 4.4359 | PPL: 84.43 | LR: 5.70e-04 | Time: 31s | 52639 tok/s
2026-03-07 06:12:49 | v1_nvidia.training.trainer | INFO | Step 2700 | Epoch 5/100 | Loss: 4.4265 | PPL: 83.63 | LR: 5.92e-04 | Time: 31s | 52651 tok/s
2026-03-07 06:13:06 | v1_nvidia.training.trainer | INFO | Epoch 5/100 | Train Loss: 4.4166 (PPL: 82.82) | Val Loss: 4.3743 (PPL: 79.38) | Time: 169.8s | Mem: 2.7GB
2026-03-07 06:13:06 | v1_nvidia.training.trainer | INFO | Checkpoint saved: /content/gpt-2/v1_nvidia/checkpoints/pretrained/best
2026-03-07 06:13:06 | v1_nvidia.training.trainer | INFO |   New best (val_loss=4.3743, improved by 0.3106)
2026-03-07 06:13:06 | v1_nvidia.training.trainer | INFO |   Weight stats logged for epoch 5
2026-03-07 06:13:07 | v1_nvidia.training.trainer | INFO |   Resume checkpoint saved (epoch 5)
2026-03-07 06:13:27 | v1_nvidia.training.trainer | INFO | Step 2800 | Epoch 6/100 | Loss: 4.1128 | PPL: 61.12 | LR: 6.00e-04 | Time: 39s | 42284 tok/s
2026-03-07 06:13:59 | v1_nvidia.training.trainer | INFO | Step 2900 | Epoch 6/100 | Loss: 4.1303 | PPL: 62.20 | LR: 6.00e-04 | Time: 31s | 52670 tok/s
2026-03-07 06:14:30 | v1_nvidia.training.trainer | INFO | Step 3000 | Epoch 6/100 | Loss: 4.1122 | PPL: 61.08 | LR: 6.00e-04 | Time: 31s | 52610 tok/s
2026-03-07 06:15:01 | v1_nvidia.training.trainer | INFO | Step 3100 | Epoch 6/100 | Loss: 4.0982 | PPL: 60.23 | LR: 6.00e-04 | Time: 31s | 52559 tok/s
2026-03-07 06:15:32 | v1_nvidia.training.trainer | INFO | Step 3200 | Epoch 6/100 | Loss: 4.0951 | PPL: 60.04 | LR: 6.00e-04 | Time: 31s | 52532 tok/s
2026-03-07 06:16:04 | v1_nvidia.training.trainer | INFO | Epoch 6/100 | Train Loss: 4.0885 (PPL: 59.65) | Val Loss: 4.0731 (PPL: 58.74) | Time: 170.0s | Mem: 2.7GB
2026-03-07 06:16:04 | v1_nvidia.training.trainer | INFO | Checkpoint saved: /content/gpt-2/v1_nvidia/checkpoints/pretrained/best
2026-03-07 06:16:04 | v1_nvidia.training.trainer | INFO |   New best (val_loss=4.0731, improved by 0.3012)
2026-03-07 06:16:04 | v1_nvidia.training.trainer | INFO |   Weight stats logged for epoch 6
2026-03-07 06:16:05 | v1_nvidia.training.trainer | INFO |   Resume checkpoint saved (epoch 6)
2026-03-07 06:16:11 | v1_nvidia.training.trainer | INFO | Step 3300 | Epoch 7/100 | Loss: 3.8857 | PPL: 48.70 | LR: 6.00e-04 | Time: 39s | 42073 tok/s
2026-03-07 06:16:42 | v1_nvidia.training.trainer | INFO | Step 3400 | Epoch 7/100 | Loss: 3.8597 | PPL: 47.45 | LR: 6.00e-04 | Time: 31s | 52727 tok/s
2026-03-07 06:17:13 | v1_nvidia.training.trainer | INFO | Step 3500 | Epoch 7/100 | Loss: 3.8588 | PPL: 47.41 | LR: 6.00e-04 | Time: 31s | 52714 tok/s
2026-03-07 06:17:44 | v1_nvidia.training.trainer | INFO | Step 3600 | Epoch 7/100 | Loss: 3.8445 | PPL: 46.74 | LR: 6.00e-04 | Time: 31s | 52613 tok/s
2026-03-07 06:18:15 | v1_nvidia.training.trainer | INFO | Step 3700 | Epoch 7/100 | Loss: 3.8294 | PPL: 46.03 | LR: 6.00e-04 | Time: 31s | 52515 tok/s
2026-03-07 06:18:47 | v1_nvidia.training.trainer | INFO | Step 3800 | Epoch 7/100 | Loss: 3.8121 | PPL: 45.25 | LR: 5.99e-04 | Time: 31s | 52512 tok/s
2026-03-07 06:19:02 | v1_nvidia.training.trainer | INFO | Epoch 7/100 | Train Loss: 3.8012 (PPL: 44.76) | Val Loss: 3.8520 (PPL: 47.09) | Time: 170.0s | Mem: 2.7GB
2026-03-07 06:19:02 | v1_nvidia.training.trainer | INFO | Checkpoint saved: /content/gpt-2/v1_nvidia/checkpoints/pretrained/best
2026-03-07 06:19:02 | v1_nvidia.training.trainer | INFO |   New best (val_loss=3.8520, improved by 0.2210)
2026-03-07 06:19:02 | v1_nvidia.training.trainer | INFO |   Weight stats logged for epoch 7
2026-03-07 06:19:03 | v1_nvidia.training.trainer | INFO |   Resume checkpoint saved (epoch 7)
2026-03-07 06:19:25 | v1_nvidia.training.trainer | INFO | Step 3900 | Epoch 8/100 | Loss: 3.6289 | PPL: 37.67 | LR: 5.99e-04 | Time: 39s | 42240 tok/s
2026-03-07 06:19:56 | v1_nvidia.training.trainer | INFO | Step 4000 | Epoch 8/100 | Loss: 3.5988 | PPL: 36.55 | LR: 5.99e-04 | Time: 31s | 52679 tok/s
2026-03-07 06:20:27 | v1_nvidia.training.trainer | INFO | Step 4100 | Epoch 8/100 | Loss: 3.5803 | PPL: 35.88 | LR: 5.99e-04 | Time: 31s | 52659 tok/s
2026-03-07 06:20:59 | v1_nvidia.training.trainer | INFO | Step 4200 | Epoch 8/100 | Loss: 3.5791 | PPL: 35.84 | LR: 5.99e-04 | Time: 31s | 52646 tok/s
2026-03-07 06:21:30 | v1_nvidia.training.trainer | INFO | Step 4300 | Epoch 8/100 | Loss: 3.5633 | PPL: 35.28 | LR: 5.99e-04 | Time: 31s | 52645 tok/s
2026-03-07 06:21:59 | v1_nvidia.training.trainer | INFO | Epoch 8/100 | Train Loss: 3.5660 (PPL: 35.38) | Val Loss: 3.6943 (PPL: 40.22) | Time: 169.8s | Mem: 2.7GB
2026-03-07 06:22:00 | v1_nvidia.training.trainer | INFO | Checkpoint saved: /content/gpt-2/v1_nvidia/checkpoints/pretrained/best
2026-03-07 06:22:00 | v1_nvidia.training.trainer | INFO |   New best (val_loss=3.6943, improved by 0.1577)
2026-03-07 06:22:00 | v1_nvidia.training.trainer | INFO |   Weight stats logged for epoch 8
2026-03-07 06:22:01 | v1_nvidia.training.trainer | INFO |   Resume checkpoint saved (epoch 8)
2026-03-07 06:22:08 | v1_nvidia.training.trainer | INFO | Step 4400 | Epoch 9/100 | Loss: 3.3643 | PPL: 28.91 | LR: 5.99e-04 | Time: 39s | 42291 tok/s
2026-03-07 06:22:39 | v1_nvidia.training.trainer | INFO | Step 4500 | Epoch 9/100 | Loss: 3.3355 | PPL: 28.09 | LR: 5.98e-04 | Time: 31s | 52722 tok/s
2026-03-07 06:23:11 | v1_nvidia.training.trainer | INFO | Step 4600 | Epoch 9/100 | Loss: 3.3601 | PPL: 28.79 | LR: 5.98e-04 | Time: 31s | 52711 tok/s
2026-03-07 06:23:42 | v1_nvidia.training.trainer | INFO | Step 4700 | Epoch 9/100 | Loss: 3.3711 | PPL: 29.11 | LR: 5.98e-04 | Time: 31s | 52678 tok/s
2026-03-07 06:24:13 | v1_nvidia.training.trainer | INFO | Step 4800 | Epoch 9/100 | Loss: 3.3728 | PPL: 29.16 | LR: 5.98e-04 | Time: 31s | 52646 tok/s
2026-03-07 06:24:44 | v1_nvidia.training.trainer | INFO | Step 4900 | Epoch 9/100 | Loss: 3.3724 | PPL: 29.15 | LR: 5.98e-04 | Time: 31s | 52628 tok/s
2026-03-07 06:24:57 | v1_nvidia.training.trainer | INFO | Epoch 9/100 | Train Loss: 3.3742 (PPL: 29.20) | Val Loss: 3.5521 (PPL: 34.89) | Time: 169.8s | Mem: 2.7GB
2026-03-07 06:24:57 | v1_nvidia.training.trainer | INFO | Checkpoint saved: /content/gpt-2/v1_nvidia/checkpoints/pretrained/best
2026-03-07 06:24:57 | v1_nvidia.training.trainer | INFO |   New best (val_loss=3.5521, improved by 0.1422)
2026-03-07 06:24:58 | v1_nvidia.training.trainer | INFO |   Weight stats logged for epoch 9
2026-03-07 06:24:59 | v1_nvidia.training.trainer | INFO |   Resume checkpoint saved (epoch 9)
2026-03-07 06:25:23 | v1_nvidia.training.trainer | INFO | Step 5000 | Epoch 10/100 | Loss: 3.1747 | PPL: 23.92 | LR: 5.97e-04 | Time: 39s | 42223 tok/s
2026-03-07 06:25:54 | v1_nvidia.training.trainer | INFO | Step 5100 | Epoch 10/100 | Loss: 3.1874 | PPL: 24.23 | LR: 5.97e-04 | Time: 31s | 52712 tok/s
2026-03-07 06:26:25 | v1_nvidia.training.trainer | INFO | Step 5200 | Epoch 10/100 | Loss: 3.1819 | PPL: 24.09 | LR: 5.97e-04 | Time: 31s | 52600 tok/s
2026-03-07 06:26:56 | v1_nvidia.training.trainer | INFO | Step 5300 | Epoch 10/100 | Loss: 3.1930 | PPL: 24.36 | LR: 5.97e-04 | Time: 31s | 52503 tok/s
2026-03-07 06:27:27 | v1_nvidia.training.trainer | INFO | Step 5400 | Epoch 10/100 | Loss: 3.2086 | PPL: 24.74 | LR: 5.97e-04 | Time: 31s | 52476 tok/s
2026-03-07 06:27:55 | v1_nvidia.training.trainer | INFO | Epoch 10/100 | Train Loss: 3.2139 (PPL: 24.88) | Val Loss: 3.4523 (PPL: 31.57) | Time: 170.1s | Mem: 2.7GB
2026-03-07 06:27:55 | v1_nvidia.training.trainer | INFO | Checkpoint saved: /content/gpt-2/v1_nvidia/checkpoints/pretrained/best
2026-03-07 06:27:55 | v1_nvidia.training.trainer | INFO |   New best (val_loss=3.4523, improved by 0.0998)
2026-03-07 06:27:56 | v1_nvidia.training.trainer | INFO |   Weight stats logged for epoch 10
2026-03-07 06:27:57 | v1_nvidia.training.trainer | INFO |   Resume checkpoint saved (epoch 10)
2026-03-07 06:28:06 | v1_nvidia.training.trainer | INFO | Step 5500 | Epoch 11/100 | Loss: 3.0436 | PPL: 20.98 | LR: 5.96e-04 | Time: 39s | 42253 tok/s
2026-03-07 06:28:37 | v1_nvidia.training.trainer | INFO | Step 5600 | Epoch 11/100 | Loss: 3.0406 | PPL: 20.92 | LR: 5.96e-04 | Time: 31s | 52716 tok/s
2026-03-07 06:29:08 | v1_nvidia.training.trainer | INFO | Step 5700 | Epoch 11/100 | Loss: 3.0495 | PPL: 21.10 | LR: 5.96e-04 | Time: 31s | 52686 tok/s
2026-03-07 06:29:39 | v1_nvidia.training.trainer | INFO | Step 5800 | Epoch 11/100 | Loss: 3.0605 | PPL: 21.34 | LR: 5.95e-04 | Time: 31s | 52520 tok/s
2026-03-07 06:30:10 | v1_nvidia.training.trainer | INFO | Step 5900 | Epoch 11/100 | Loss: 3.0651 | PPL: 21.44 | LR: 5.95e-04 | Time: 31s | 52519 tok/s
2026-03-07 06:30:42 | v1_nvidia.training.trainer | INFO | Step 6000 | Epoch 11/100 | Loss: 3.0696 | PPL: 21.53 | LR: 5.95e-04 | Time: 31s | 52468 tok/s
2026-03-07 06:30:53 | v1_nvidia.training.trainer | INFO | Epoch 11/100 | Train Loss: 3.0734 (PPL: 21.61) | Val Loss: 3.3727 (PPL: 29.16) | Time: 170.1s | Mem: 2.7GB
2026-03-07 06:30:53 | v1_nvidia.training.trainer | INFO | Checkpoint saved: /content/gpt-2/v1_nvidia/checkpoints/pretrained/best
2026-03-07 06:30:53 | v1_nvidia.training.trainer | INFO |   New best (val_loss=3.3727, improved by 0.0796)
2026-03-07 06:30:54 | v1_nvidia.training.trainer | INFO |   Weight stats logged for epoch 11
2026-03-07 06:30:55 | v1_nvidia.training.trainer | INFO |   Resume checkpoint saved (epoch 11)
2026-03-07 06:31:21 | v1_nvidia.training.trainer | INFO | Step 6100 | Epoch 12/100 | Loss: 2.9379 | PPL: 18.88 | LR: 5.94e-04 | Time: 39s | 42197 tok/s
2026-03-07 06:31:52 | v1_nvidia.training.trainer | INFO | Step 6200 | Epoch 12/100 | Loss: 2.9437 | PPL: 18.99 | LR: 5.94e-04 | Time: 31s | 52673 tok/s
2026-03-07 06:32:23 | v1_nvidia.training.trainer | INFO | Step 6300 | Epoch 12/100 | Loss: 2.9381 | PPL: 18.88 | LR: 5.94e-04 | Time: 31s | 52650 tok/s
2026-03-07 06:32:54 | v1_nvidia.training.trainer | INFO | Step 6400 | Epoch 12/100 | Loss: 2.9371 | PPL: 18.86 | LR: 5.93e-04 | Time: 31s | 52636 tok/s
2026-03-07 06:33:25 | v1_nvidia.training.trainer | INFO | Step 6500 | Epoch 12/100 | Loss: 2.9532 | PPL: 19.17 | LR: 5.93e-04 | Time: 31s | 52628 tok/s
2026-03-07 06:33:51 | v1_nvidia.training.trainer | INFO | Epoch 12/100 | Train Loss: 2.9528 (PPL: 19.16) | Val Loss: 3.3123 (PPL: 27.45) | Time: 169.9s | Mem: 2.7GB
2026-03-07 06:33:51 | v1_nvidia.training.trainer | INFO | Checkpoint saved: /content/gpt-2/v1_nvidia/checkpoints/pretrained/best
2026-03-07 06:33:51 | v1_nvidia.training.trainer | INFO |   New best (val_loss=3.3123, improved by 0.0604)
2026-03-07 06:33:51 | v1_nvidia.training.trainer | INFO |   Weight stats logged for epoch 12
2026-03-07 06:33:52 | v1_nvidia.training.trainer | INFO |   Resume checkpoint saved (epoch 12)
2026-03-07 06:34:04 | v1_nvidia.training.trainer | INFO | Step 6600 | Epoch 13/100 | Loss: 2.8137 | PPL: 16.67 | LR: 5.93e-04 | Time: 39s | 42364 tok/s
2026-03-07 06:34:35 | v1_nvidia.training.trainer | INFO | Step 6700 | Epoch 13/100 | Loss: 2.8225 | PPL: 16.82 | LR: 5.92e-04 | Time: 31s | 52686 tok/s
2026-03-07 06:35:06 | v1_nvidia.training.trainer | INFO | Step 6800 | Epoch 13/100 | Loss: 2.8358 | PPL: 17.04 | LR: 5.92e-04 | Time: 31s | 52664 tok/s
2026-03-07 06:35:37 | v1_nvidia.training.trainer | INFO | Step 6900 | Epoch 13/100 | Loss: 2.8383 | PPL: 17.09 | LR: 5.91e-04 | Time: 31s | 52636 tok/s
2026-03-07 06:36:08 | v1_nvidia.training.trainer | INFO | Step 7000 | Epoch 13/100 | Loss: 2.8405 | PPL: 17.13 | LR: 5.91e-04 | Time: 31s | 52619 tok/s
2026-03-07 06:36:39 | v1_nvidia.training.trainer | INFO | Step 7100 | Epoch 13/100 | Loss: 2.8490 | PPL: 17.27 | LR: 5.91e-04 | Time: 31s | 52617 tok/s
2026-03-07 06:36:49 | v1_nvidia.training.trainer | INFO | Epoch 13/100 | Train Loss: 2.8486 (PPL: 17.26) | Val Loss: 3.2697 (PPL: 26.30) | Time: 169.9s | Mem: 2.7GB
2026-03-07 06:36:49 | v1_nvidia.training.trainer | INFO | Checkpoint saved: /content/gpt-2/v1_nvidia/checkpoints/pretrained/best
2026-03-07 06:36:49 | v1_nvidia.training.trainer | INFO |   New best (val_loss=3.2697, improved by 0.0426)
2026-03-07 06:36:49 | v1_nvidia.training.trainer | INFO |   Weight stats logged for epoch 13
2026-03-07 06:36:50 | v1_nvidia.training.trainer | INFO |   Resume checkpoint saved (epoch 13)
2026-03-07 06:37:18 | v1_nvidia.training.trainer | INFO | Step 7200 | Epoch 14/100 | Loss: 2.6859 | PPL: 14.67 | LR: 5.90e-04 | Time: 39s | 42279 tok/s
2026-03-07 06:37:49 | v1_nvidia.training.trainer | INFO | Step 7300 | Epoch 14/100 | Loss: 2.7091 | PPL: 15.02 | LR: 5.90e-04 | Time: 31s | 52687 tok/s
2026-03-07 06:38:20 | v1_nvidia.training.trainer | INFO | Step 7400 | Epoch 14/100 | Loss: 2.7311 | PPL: 15.35 | LR: 5.89e-04 | Time: 31s | 52651 tok/s
2026-03-07 06:38:51 | v1_nvidia.training.trainer | INFO | Step 7500 | Epoch 14/100 | Loss: 2.7442 | PPL: 15.55 | LR: 5.89e-04 | Time: 31s | 52631 tok/s
2026-03-07 06:39:22 | v1_nvidia.training.trainer | INFO | Step 7600 | Epoch 14/100 | Loss: 2.7487 | PPL: 15.62 | LR: 5.88e-04 | Time: 31s | 52627 tok/s
2026-03-07 06:39:46 | v1_nvidia.training.trainer | INFO | Epoch 14/100 | Train Loss: 2.7561 (PPL: 15.74) | Val Loss: 3.2307 (PPL: 25.30) | Time: 169.8s | Mem: 2.7GB
2026-03-07 06:39:47 | v1_nvidia.training.trainer | INFO | Checkpoint saved: /content/gpt-2/v1_nvidia/checkpoints/pretrained/best
2026-03-07 06:39:47 | v1_nvidia.training.trainer | INFO |   New best (val_loss=3.2307, improved by 0.0390)
2026-03-07 06:39:47 | v1_nvidia.training.trainer | INFO |   Weight stats logged for epoch 14
2026-03-07 06:39:48 | v1_nvidia.training.trainer | INFO |   Resume checkpoint saved (epoch 14)
2026-03-07 06:40:01 | v1_nvidia.training.trainer | INFO | Step 7700 | Epoch 15/100 | Loss: 2.5905 | PPL: 13.34 | LR: 5.88e-04 | Time: 39s | 42164 tok/s
2026-03-07 06:40:32 | v1_nvidia.training.trainer | INFO | Step 7800 | Epoch 15/100 | Loss: 2.6195 | PPL: 13.73 | LR: 5.87e-04 | Time: 31s | 52719 tok/s
2026-03-07 06:41:03 | v1_nvidia.training.trainer | INFO | Step 7900 | Epoch 15/100 | Loss: 2.6416 | PPL: 14.04 | LR: 5.87e-04 | Time: 31s | 52703 tok/s
2026-03-07 06:41:34 | v1_nvidia.training.trainer | INFO | Step 8000 | Epoch 15/100 | Loss: 2.6501 | PPL: 14.15 | LR: 5.86e-04 | Time: 31s | 52659 tok/s
2026-03-07 06:42:05 | v1_nvidia.training.trainer | INFO | Step 8100 | Epoch 15/100 | Loss: 2.6646 | PPL: 14.36 | LR: 5.86e-04 | Time: 31s | 52622 tok/s
2026-03-07 06:42:37 | v1_nvidia.training.trainer | INFO | Step 8200 | Epoch 15/100 | Loss: 2.6711 | PPL: 14.46 | LR: 5.85e-04 | Time: 31s | 52624 tok/s
2026-03-07 06:42:44 | v1_nvidia.training.trainer | INFO | Epoch 15/100 | Train Loss: 2.6713 (PPL: 14.46) | Val Loss: 3.2050 (PPL: 24.66) | Time: 169.8s | Mem: 2.7GB
2026-03-07 06:42:44 | v1_nvidia.training.trainer | INFO | Checkpoint saved: /content/gpt-2/v1_nvidia/checkpoints/pretrained/best
2026-03-07 06:42:44 | v1_nvidia.training.trainer | INFO |   New best (val_loss=3.2050, improved by 0.0257)
2026-03-07 06:42:45 | v1_nvidia.training.trainer | INFO |   Weight stats logged for epoch 15
2026-03-07 06:42:46 | v1_nvidia.training.trainer | INFO |   Resume checkpoint saved (epoch 15)
2026-03-07 06:43:15 | v1_nvidia.training.trainer | INFO | Step 8300 | Epoch 16/100 | Loss: 2.5387 | PPL: 12.66 | LR: 5.85e-04 | Time: 39s | 42317 tok/s
2026-03-07 06:43:46 | v1_nvidia.training.trainer | INFO | Step 8400 | Epoch 16/100 | Loss: 2.5458 | PPL: 12.75 | LR: 5.84e-04 | Time: 31s | 52675 tok/s
2026-03-07 06:44:17 | v1_nvidia.training.trainer | INFO | Step 8500 | Epoch 16/100 | Loss: 2.5738 | PPL: 13.12 | LR: 5.84e-04 | Time: 31s | 52651 tok/s
2026-03-07 06:44:49 | v1_nvidia.training.trainer | INFO | Step 8600 | Epoch 16/100 | Loss: 2.5730 | PPL: 13.11 | LR: 5.83e-04 | Time: 31s | 52628 tok/s
2026-03-07 06:45:20 | v1_nvidia.training.trainer | INFO | Step 8700 | Epoch 16/100 | Loss: 2.5884 | PPL: 13.31 | LR: 5.83e-04 | Time: 31s | 52609 tok/s
2026-03-07 06:45:42 | v1_nvidia.training.trainer | INFO | Epoch 16/100 | Train Loss: 2.5947 (PPL: 13.39) | Val Loss: 3.1936 (PPL: 24.38) | Time: 169.9s | Mem: 2.7GB
2026-03-07 06:45:42 | v1_nvidia.training.trainer | INFO | Checkpoint saved: /content/gpt-2/v1_nvidia/checkpoints/pretrained/best
2026-03-07 06:45:42 | v1_nvidia.training.trainer | INFO |   New best (val_loss=3.1936, improved by 0.0115)
2026-03-07 06:45:42 | v1_nvidia.training.trainer | INFO |   Weight stats logged for epoch 16
2026-03-07 06:45:44 | v1_nvidia.training.trainer | INFO |   Resume checkpoint saved (epoch 16)
2026-03-07 06:45:59 | v1_nvidia.training.trainer | INFO | Step 8800 | Epoch 17/100 | Loss: 2.3932 | PPL: 10.95 | LR: 5.82e-04 | Time: 39s | 42118 tok/s
2026-03-07 06:46:30 | v1_nvidia.training.trainer | INFO | Step 8900 | Epoch 17/100 | Loss: 2.4378 | PPL: 11.45 | LR: 5.81e-04 | Time: 31s | 52710 tok/s
2026-03-07 06:47:01 | v1_nvidia.training.trainer | INFO | Step 9000 | Epoch 17/100 | Loss: 2.4804 | PPL: 11.95 | LR: 5.81e-04 | Time: 31s | 52711 tok/s
2026-03-07 06:47:32 | v1_nvidia.training.trainer | INFO | Step 9100 | Epoch 17/100 | Loss: 2.4927 | PPL: 12.09 | LR: 5.80e-04 | Time: 31s | 52703 tok/s
2026-03-07 06:48:03 | v1_nvidia.training.trainer | INFO | Step 9200 | Epoch 17/100 | Loss: 2.5112 | PPL: 12.32 | LR: 5.80e-04 | Time: 31s | 52682 tok/s
2026-03-07 06:48:40 | v1_nvidia.training.trainer | INFO | Epoch 17/100 | Train Loss: 2.5252 (PPL: 12.49) | Val Loss: 3.1812 (PPL: 24.08) | Time: 169.7s | Mem: 2.7GB
2026-03-07 06:48:40 | v1_nvidia.training.trainer | INFO | Checkpoint saved: /content/gpt-2/v1_nvidia/checkpoints/pretrained/best
2026-03-07 06:48:40 | v1_nvidia.training.trainer | INFO |   New best (val_loss=3.1812, improved by 0.0123)
2026-03-07 06:48:40 | v1_nvidia.training.trainer | INFO |   Weight stats logged for epoch 17
2026-03-07 06:48:41 | v1_nvidia.training.trainer | INFO |   Resume checkpoint saved (epoch 17)
2026-03-07 06:48:42 | v1_nvidia.training.trainer | INFO | Step 9300 | Epoch 18/100 | Loss: 2.4361 | PPL: 11.43 | LR: 5.79e-04 | Time: 39s | 42133 tok/s
2026-03-07 06:49:13 | v1_nvidia.training.trainer | INFO | Step 9400 | Epoch 18/100 | Loss: 2.3994 | PPL: 11.02 | LR: 5.78e-04 | Time: 31s | 52728 tok/s
2026-03-07 06:49:44 | v1_nvidia.training.trainer | INFO | Step 9500 | Epoch 18/100 | Loss: 2.4428 | PPL: 11.51 | LR: 5.78e-04 | Time: 31s | 52716 tok/s
2026-03-07 06:50:15 | v1_nvidia.training.trainer | INFO | Step 9600 | Epoch 18/100 | Loss: 2.4410 | PPL: 11.48 | LR: 5.77e-04 | Time: 31s | 52655 tok/s
2026-03-07 06:50:46 | v1_nvidia.training.trainer | INFO | Step 9700 | Epoch 18/100 | Loss: 2.4509 | PPL: 11.60 | LR: 5.76e-04 | Time: 31s | 52483 tok/s
2026-03-07 06:51:17 | v1_nvidia.training.trainer | INFO | Step 9800 | Epoch 18/100 | Loss: 2.4555 | PPL: 11.65 | LR: 5.76e-04 | Time: 31s | 52458 tok/s
2026-03-07 06:51:38 | v1_nvidia.training.trainer | INFO | Epoch 18/100 | Train Loss: 2.4598 (PPL: 11.70) | Val Loss: 3.1782 (PPL: 24.00) | Time: 170.0s | Mem: 2.7GB
2026-03-07 06:51:38 | v1_nvidia.training.trainer | INFO | Checkpoint saved: /content/gpt-2/v1_nvidia/checkpoints/pretrained/best
2026-03-07 06:51:38 | v1_nvidia.training.trainer | INFO |   New best (val_loss=3.1782, improved by 0.0030)
2026-03-07 06:51:38 | v1_nvidia.training.trainer | INFO |   Weight stats logged for epoch 18
2026-03-07 06:51:39 | v1_nvidia.training.trainer | INFO |   Resume checkpoint saved (epoch 18)
2026-03-07 06:51:56 | v1_nvidia.training.trainer | INFO | Step 9900 | Epoch 19/100 | Loss: 2.3017 | PPL: 9.99 | LR: 5.75e-04 | Time: 39s | 42219 tok/s
2026-03-07 06:52:27 | v1_nvidia.training.trainer | INFO | Step 10000 | Epoch 19/100 | Loss: 2.3304 | PPL: 10.28 | LR: 5.74e-04 | Time: 31s | 52635 tok/s
2026-03-07 06:52:58 | v1_nvidia.training.trainer | INFO | Step 10100 | Epoch 19/100 | Loss: 2.3552 | PPL: 10.54 | LR: 5.74e-04 | Time: 31s | 52535 tok/s
2026-03-07 06:53:30 | v1_nvidia.training.trainer | INFO | Step 10200 | Epoch 19/100 | Loss: 2.3730 | PPL: 10.73 | LR: 5.73e-04 | Time: 31s | 52488 tok/s
2026-03-07 06:54:01 | v1_nvidia.training.trainer | INFO | Step 10300 | Epoch 19/100 | Loss: 2.3895 | PPL: 10.91 | LR: 5.72e-04 | Time: 31s | 52474 tok/s
2026-03-07 06:54:36 | v1_nvidia.training.trainer | INFO | Epoch 19/100 | Train Loss: 2.4008 (PPL: 11.03) | Val Loss: 3.1756 (PPL: 23.94) | Time: 170.2s | Mem: 2.7GB
2026-03-07 06:54:36 | v1_nvidia.training.trainer | INFO | Checkpoint saved: /content/gpt-2/v1_nvidia/checkpoints/pretrained/best
2026-03-07 06:54:36 | v1_nvidia.training.trainer | INFO |   New best (val_loss=3.1756, improved by 0.0026)
2026-03-07 06:54:36 | v1_nvidia.training.trainer | INFO |   Weight stats logged for epoch 19
2026-03-07 06:54:37 | v1_nvidia.training.trainer | INFO |   Resume checkpoint saved (epoch 19)
2026-03-07 06:54:40 | v1_nvidia.training.trainer | INFO | Step 10400 | Epoch 20/100 | Loss: 2.3289 | PPL: 10.27 | LR: 5.72e-04 | Time: 39s | 42191 tok/s
2026-03-07 06:55:11 | v1_nvidia.training.trainer | INFO | Step 10500 | Epoch 20/100 | Loss: 2.2913 | PPL: 9.89 | LR: 5.71e-04 | Time: 31s | 52686 tok/s
2026-03-07 06:55:42 | v1_nvidia.training.trainer | INFO | Step 10600 | Epoch 20/100 | Loss: 2.2926 | PPL: 9.90 | LR: 5.70e-04 | Time: 31s | 52652 tok/s
2026-03-07 06:56:13 | v1_nvidia.training.trainer | INFO | Step 10700 | Epoch 20/100 | Loss: 2.3040 | PPL: 10.01 | LR: 5.69e-04 | Time: 31s | 52657 tok/s
2026-03-07 06:56:44 | v1_nvidia.training.trainer | INFO | Step 10800 | Epoch 20/100 | Loss: 2.3246 | PPL: 10.22 | LR: 5.69e-04 | Time: 31s | 52621 tok/s
2026-03-07 06:57:15 | v1_nvidia.training.trainer | INFO | Step 10900 | Epoch 20/100 | Loss: 2.3360 | PPL: 10.34 | LR: 5.68e-04 | Time: 31s | 52614 tok/s
2026-03-07 06:57:34 | v1_nvidia.training.trainer | INFO | Epoch 20/100 | Train Loss: 2.3426 (PPL: 10.41) | Val Loss: 3.1820 (PPL: 24.09) | Time: 169.9s | Mem: 2.7GB
2026-03-07 06:57:34 | v1_nvidia.training.trainer | INFO |   No improvement (gap=+0.0063, patience=1/10)
2026-03-07 06:57:34 | v1_nvidia.training.trainer | INFO |   Weight stats logged for epoch 20
2026-03-07 06:57:35 | v1_nvidia.training.trainer | INFO |   Resume checkpoint saved (epoch 20)
2026-03-07 06:57:54 | v1_nvidia.training.trainer | INFO | Step 11000 | Epoch 21/100 | Loss: 2.2210 | PPL: 9.22 | LR: 5.67e-04 | Time: 38s | 42705 tok/s
2026-03-07 06:58:25 | v1_nvidia.training.trainer | INFO | Step 11100 | Epoch 21/100 | Loss: 2.2230 | PPL: 9.24 | LR: 5.66e-04 | Time: 31s | 52687 tok/s
2026-03-07 06:58:56 | v1_nvidia.training.trainer | INFO | Step 11200 | Epoch 21/100 | Loss: 2.2430 | PPL: 9.42 | LR: 5.65e-04 | Time: 31s | 52655 tok/s
2026-03-07 06:59:27 | v1_nvidia.training.trainer | INFO | Step 11300 | Epoch 21/100 | Loss: 2.2620 | PPL: 9.60 | LR: 5.65e-04 | Time: 31s | 52639 tok/s
2026-03-07 06:59:58 | v1_nvidia.training.trainer | INFO | Step 11400 | Epoch 21/100 | Loss: 2.2734 | PPL: 9.71 | LR: 5.64e-04 | Time: 31s | 52628 tok/s
2026-03-07 07:00:31 | v1_nvidia.training.trainer | INFO | Epoch 21/100 | Train Loss: 2.2907 (PPL: 9.88) | Val Loss: 3.1944 (PPL: 24.40) | Time: 169.8s | Mem: 2.7GB
2026-03-07 07:00:31 | v1_nvidia.training.trainer | INFO |   No improvement (gap=+0.0188, patience=2/10)
2026-03-07 07:00:31 | v1_nvidia.training.trainer | INFO |   Weight stats logged for epoch 21
2026-03-07 07:00:32 | v1_nvidia.training.trainer | INFO |   Resume checkpoint saved (epoch 21)
2026-03-07 07:00:36 | v1_nvidia.training.trainer | INFO | Step 11500 | Epoch 22/100 | Loss: 2.2125 | PPL: 9.14 | LR: 5.63e-04 | Time: 38s | 42675 tok/s
2026-03-07 07:01:07 | v1_nvidia.training.trainer | INFO | Step 11600 | Epoch 22/100 | Loss: 2.1564 | PPL: 8.64 | LR: 5.62e-04 | Time: 31s | 52685 tok/s
2026-03-07 07:01:39 | v1_nvidia.training.trainer | INFO | Step 11700 | Epoch 22/100 | Loss: 2.1764 | PPL: 8.81 | LR: 5.61e-04 | Time: 31s | 52669 tok/s
2026-03-07 07:02:10 | v1_nvidia.training.trainer | INFO | Step 11800 | Epoch 22/100 | Loss: 2.2011 | PPL: 9.03 | LR: 5.60e-04 | Time: 31s | 52640 tok/s
2026-03-07 07:02:41 | v1_nvidia.training.trainer | INFO | Step 11900 | Epoch 22/100 | Loss: 2.2229 | PPL: 9.23 | LR: 5.60e-04 | Time: 31s | 52611 tok/s
2026-03-07 07:03:12 | v1_nvidia.training.trainer | INFO | Step 12000 | Epoch 22/100 | Loss: 2.2404 | PPL: 9.40 | LR: 5.59e-04 | Time: 31s | 52618 tok/s
2026-03-07 07:03:28 | v1_nvidia.training.trainer | INFO | Epoch 22/100 | Train Loss: 2.2419 (PPL: 9.41) | Val Loss: 3.2025 (PPL: 24.59) | Time: 169.9s | Mem: 2.7GB
2026-03-07 07:03:28 | v1_nvidia.training.trainer | INFO |   No improvement (gap=+0.0269, patience=3/10)
2026-03-07 07:03:29 | v1_nvidia.training.trainer | INFO |   Weight stats logged for epoch 22
2026-03-07 07:03:30 | v1_nvidia.training.trainer | INFO |   Resume checkpoint saved (epoch 22)
2026-03-07 07:03:50 | v1_nvidia.training.trainer | INFO | Step 12100 | Epoch 23/100 | Loss: 2.1277 | PPL: 8.40 | LR: 5.58e-04 | Time: 38s | 42659 tok/s
2026-03-07 07:04:21 | v1_nvidia.training.trainer | INFO | Step 12200 | Epoch 23/100 | Loss: 2.1426 | PPL: 8.52 | LR: 5.57e-04 | Time: 31s | 52731 tok/s
2026-03-07 07:04:52 | v1_nvidia.training.trainer | INFO | Step 12300 | Epoch 23/100 | Loss: 2.1407 | PPL: 8.51 | LR: 5.56e-04 | Time: 31s | 52708 tok/s
2026-03-07 07:05:24 | v1_nvidia.training.trainer | INFO | Step 12400 | Epoch 23/100 | Loss: 2.1580 | PPL: 8.65 | LR: 5.55e-04 | Time: 31s | 52664 tok/s
2026-03-07 07:05:55 | v1_nvidia.training.trainer | INFO | Step 12500 | Epoch 23/100 | Loss: 2.1725 | PPL: 8.78 | LR: 5.54e-04 | Time: 31s | 52623 tok/s
2026-03-07 07:06:26 | v1_nvidia.training.trainer | INFO | Epoch 23/100 | Train Loss: 2.1940 (PPL: 8.97) | Val Loss: 3.2057 (PPL: 24.67) | Time: 169.7s | Mem: 2.7GB
2026-03-07 07:06:26 | v1_nvidia.training.trainer | INFO |   No improvement (gap=+0.0301, patience=4/10)
2026-03-07 07:06:26 | v1_nvidia.training.trainer | INFO |   Weight stats logged for epoch 23
2026-03-07 07:06:27 | v1_nvidia.training.trainer | INFO |   Resume checkpoint saved (epoch 23)
2026-03-07 07:06:33 | v1_nvidia.training.trainer | INFO | Step 12600 | Epoch 24/100 | Loss: 2.0954 | PPL: 8.13 | LR: 5.53e-04 | Time: 38s | 42704 tok/s
2026-03-07 07:07:04 | v1_nvidia.training.trainer | INFO | Step 12700 | Epoch 24/100 | Loss: 2.0689 | PPL: 7.92 | LR: 5.52e-04 | Time: 31s | 52698 tok/s
2026-03-07 07:07:35 | v1_nvidia.training.trainer | INFO | Step 12800 | Epoch 24/100 | Loss: 2.0898 | PPL: 8.08 | LR: 5.52e-04 | Time: 31s | 52684 tok/s
2026-03-07 07:08:06 | v1_nvidia.training.trainer | INFO | Step 12900 | Epoch 24/100 | Loss: 2.1135 | PPL: 8.28 | LR: 5.51e-04 | Time: 31s | 52646 tok/s
2026-03-07 07:08:37 | v1_nvidia.training.trainer | INFO | Step 13000 | Epoch 24/100 | Loss: 2.1277 | PPL: 8.40 | LR: 5.50e-04 | Time: 31s | 52611 tok/s
2026-03-07 07:09:08 | v1_nvidia.training.trainer | INFO | Step 13100 | Epoch 24/100 | Loss: 2.1462 | PPL: 8.55 | LR: 5.49e-04 | Time: 31s | 52606 tok/s
2026-03-07 07:09:23 | v1_nvidia.training.trainer | INFO | Epoch 24/100 | Train Loss: 2.1488 (PPL: 8.57) | Val Loss: 3.2173 (PPL: 24.96) | Time: 169.9s | Mem: 2.7GB
2026-03-07 07:09:23 | v1_nvidia.training.trainer | INFO |   No improvement (gap=+0.0417, patience=5/10)
2026-03-07 07:09:23 | v1_nvidia.training.trainer | INFO |   Weight stats logged for epoch 24
2026-03-07 07:09:24 | v1_nvidia.training.trainer | INFO |   Resume checkpoint saved (epoch 24)
2026-03-07 07:09:47 | v1_nvidia.training.trainer | INFO | Step 13200 | Epoch 25/100 | Loss: 2.0519 | PPL: 7.78 | LR: 5.48e-04 | Time: 38s | 42704 tok/s
2026-03-07 07:10:18 | v1_nvidia.training.trainer | INFO | Step 13300 | Epoch 25/100 | Loss: 2.0535 | PPL: 7.80 | LR: 5.47e-04 | Time: 31s | 52674 tok/s
2026-03-07 07:10:49 | v1_nvidia.training.trainer | INFO | Step 13400 | Epoch 25/100 | Loss: 2.0798 | PPL: 8.00 | LR: 5.46e-04 | Time: 31s | 52656 tok/s
2026-03-07 07:11:20 | v1_nvidia.training.trainer | INFO | Step 13500 | Epoch 25/100 | Loss: 2.0902 | PPL: 8.09 | LR: 5.45e-04 | Time: 31s | 52624 tok/s
2026-03-07 07:11:51 | v1_nvidia.training.trainer | INFO | Step 13600 | Epoch 25/100 | Loss: 2.1024 | PPL: 8.19 | LR: 5.44e-04 | Time: 31s | 52605 tok/s
2026-03-07 07:12:21 | v1_nvidia.training.trainer | INFO | Epoch 25/100 | Train Loss: 2.1079 (PPL: 8.23) | Val Loss: 3.2320 (PPL: 25.33) | Time: 169.9s | Mem: 2.7GB
2026-03-07 07:12:21 | v1_nvidia.training.trainer | INFO |   No improvement (gap=+0.0564, patience=6/10)
2026-03-07 07:12:21 | v1_nvidia.training.trainer | INFO |   Weight stats logged for epoch 25
2026-03-07 07:12:22 | v1_nvidia.training.trainer | INFO |   Resume checkpoint saved (epoch 25)
2026-03-07 07:12:30 | v1_nvidia.training.trainer | INFO | Step 13700 | Epoch 26/100 | Loss: 1.9776 | PPL: 7.23 | LR: 5.43e-04 | Time: 38s | 42669 tok/s
2026-03-07 07:13:01 | v1_nvidia.training.trainer | INFO | Step 13800 | Epoch 26/100 | Loss: 1.9722 | PPL: 7.19 | LR: 5.42e-04 | Time: 31s | 52731 tok/s
2026-03-07 07:13:32 | v1_nvidia.training.trainer | INFO | Step 13900 | Epoch 26/100 | Loss: 2.0127 | PPL: 7.48 | LR: 5.41e-04 | Time: 31s | 52730 tok/s
2026-03-07 07:14:03 | v1_nvidia.training.trainer | INFO | Step 14000 | Epoch 26/100 | Loss: 2.0441 | PPL: 7.72 | LR: 5.40e-04 | Time: 31s | 52501 tok/s
2026-03-07 07:14:34 | v1_nvidia.training.trainer | INFO | Step 14100 | Epoch 26/100 | Loss: 2.0481 | PPL: 7.75 | LR: 5.39e-04 | Time: 31s | 52481 tok/s
2026-03-07 07:15:05 | v1_nvidia.training.trainer | INFO | Step 14200 | Epoch 26/100 | Loss: 2.0618 | PPL: 7.86 | LR: 5.38e-04 | Time: 31s | 52455 tok/s
2026-03-07 07:15:18 | v1_nvidia.training.trainer | INFO | Epoch 26/100 | Train Loss: 2.0677 (PPL: 7.91) | Val Loss: 3.2463 (PPL: 25.69) | Time: 170.1s | Mem: 2.7GB
2026-03-07 07:15:18 | v1_nvidia.training.trainer | INFO |   No improvement (gap=+0.0707, patience=7/10)
2026-03-07 07:15:18 | v1_nvidia.training.trainer | INFO |   Weight stats logged for epoch 26
2026-03-07 07:15:19 | v1_nvidia.training.trainer | INFO |   Resume checkpoint saved (epoch 26)
2026-03-07 07:15:44 | v1_nvidia.training.trainer | INFO | Step 14300 | Epoch 27/100 | Loss: 1.9402 | PPL: 6.96 | LR: 5.37e-04 | Time: 38s | 42613 tok/s
2026-03-07 07:16:15 | v1_nvidia.training.trainer | INFO | Step 14400 | Epoch 27/100 | Loss: 1.9631 | PPL: 7.12 | LR: 5.36e-04 | Time: 31s | 52655 tok/s
2026-03-07 07:16:46 | v1_nvidia.training.trainer | INFO | Step 14500 | Epoch 27/100 | Loss: 1.9717 | PPL: 7.18 | LR: 5.35e-04 | Time: 31s | 52538 tok/s
2026-03-07 07:17:17 | v1_nvidia.training.trainer | INFO | Step 14600 | Epoch 27/100 | Loss: 1.9970 | PPL: 7.37 | LR: 5.33e-04 | Time: 31s | 52488 tok/s
2026-03-07 07:17:48 | v1_nvidia.training.trainer | INFO | Step 14700 | Epoch 27/100 | Loss: 2.0169 | PPL: 7.52 | LR: 5.32e-04 | Time: 31s | 52459 tok/s
2026-03-07 07:18:16 | v1_nvidia.training.trainer | INFO | Epoch 27/100 | Train Loss: 2.0285 (PPL: 7.60) | Val Loss: 3.2669 (PPL: 26.23) | Time: 170.2s | Mem: 2.7GB
2026-03-07 07:18:16 | v1_nvidia.training.trainer | INFO |   No improvement (gap=+0.0913, patience=8/10)
2026-03-07 07:18:16 | v1_nvidia.training.trainer | INFO |   Weight stats logged for epoch 27
2026-03-07 07:18:17 | v1_nvidia.training.trainer | INFO |   Resume checkpoint saved (epoch 27)
2026-03-07 07:18:27 | v1_nvidia.training.trainer | INFO | Step 14800 | Epoch 28/100 | Loss: 1.8571 | PPL: 6.40 | LR: 5.31e-04 | Time: 38s | 42612 tok/s
2026-03-07 07:18:58 | v1_nvidia.training.trainer | INFO | Step 14900 | Epoch 28/100 | Loss: 1.9298 | PPL: 6.89 | LR: 5.30e-04 | Time: 31s | 52739 tok/s
2026-03-07 07:19:29 | v1_nvidia.training.trainer | INFO | Step 15000 | Epoch 28/100 | Loss: 1.9503 | PPL: 7.03 | LR: 5.29e-04 | Time: 31s | 52717 tok/s
2026-03-07 07:20:00 | v1_nvidia.training.trainer | INFO | Step 15100 | Epoch 28/100 | Loss: 1.9651 | PPL: 7.14 | LR: 5.28e-04 | Time: 31s | 52645 tok/s
2026-03-07 07:20:31 | v1_nvidia.training.trainer | INFO | Step 15200 | Epoch 28/100 | Loss: 1.9724 | PPL: 7.19 | LR: 5.27e-04 | Time: 31s | 52627 tok/s
2026-03-07 07:21:02 | v1_nvidia.training.trainer | INFO | Step 15300 | Epoch 28/100 | Loss: 1.9913 | PPL: 7.32 | LR: 5.26e-04 | Time: 31s | 52601 tok/s
2026-03-07 07:21:13 | v1_nvidia.training.trainer | INFO | Epoch 28/100 | Train Loss: 1.9927 (PPL: 7.34) | Val Loss: 3.2799 (PPL: 26.57) | Time: 169.8s | Mem: 2.7GB
2026-03-07 07:21:13 | v1_nvidia.training.trainer | INFO |   No improvement (gap=+0.1043, patience=9/10)
2026-03-07 07:21:14 | v1_nvidia.training.trainer | INFO |   Weight stats logged for epoch 28
2026-03-07 07:21:15 | v1_nvidia.training.trainer | INFO |   Resume checkpoint saved (epoch 28)
2026-03-07 07:21:41 | v1_nvidia.training.trainer | INFO | Step 15400 | Epoch 29/100 | Loss: 1.8664 | PPL: 6.47 | LR: 5.25e-04 | Time: 38s | 42635 tok/s
2026-03-07 07:22:12 | v1_nvidia.training.trainer | INFO | Step 15500 | Epoch 29/100 | Loss: 1.8780 | PPL: 6.54 | LR: 5.24e-04 | Time: 31s | 52574 tok/s
2026-03-07 07:22:43 | v1_nvidia.training.trainer | INFO | Step 15600 | Epoch 29/100 | Loss: 1.9068 | PPL: 6.73 | LR: 5.22e-04 | Time: 31s | 52484 tok/s
2026-03-07 07:23:14 | v1_nvidia.training.trainer | INFO | Step 15700 | Epoch 29/100 | Loss: 1.9374 | PPL: 6.94 | LR: 5.21e-04 | Time: 31s | 52459 tok/s
2026-03-07 07:23:46 | v1_nvidia.training.trainer | INFO | Step 15800 | Epoch 29/100 | Loss: 1.9507 | PPL: 7.03 | LR: 5.20e-04 | Time: 31s | 52451 tok/s
2026-03-07 07:24:11 | v1_nvidia.training.trainer | INFO | Epoch 29/100 | Train Loss: 1.9589 (PPL: 7.09) | Val Loss: 3.2989 (PPL: 27.08) | Time: 170.3s | Mem: 2.7GB
2026-03-07 07:24:11 | v1_nvidia.training.trainer | INFO |   No improvement (gap=+0.1232, patience=10/10)
2026-03-07 07:24:11 | v1_nvidia.training.trainer | INFO |   Weight stats logged for epoch 29
2026-03-07 07:24:12 | v1_nvidia.training.trainer | INFO |   Resume checkpoint saved (epoch 29)
2026-03-07 07:24:12 | v1_nvidia.training.trainer | INFO | Early stopping at epoch 29 (patience=10)
2026-03-07 07:24:13 | v1_nvidia.training.trainer | INFO | Checkpoint saved: /content/gpt-2/v1_nvidia/checkpoints/pretrained/final
2026-03-07 07:24:13 | v1_nvidia.training.trainer | INFO | Training complete: {'total_steps': 15863, 'total_epochs': 29, 'best_val_loss': 3.1756062507629395, 'best_val_ppl': 23.941329919095292, 'total_time_seconds': 5154.811238288879}
2026-03-07 07:24:13 | pretrain | INFO | ============================================================
2026-03-07 07:24:13 | pretrain | INFO | PRETRAINING COMPLETE
2026-03-07 07:24:13 | pretrain | INFO |   Epochs: 29
2026-03-07 07:24:13 | pretrain | INFO |   Best val loss: 3.1756
2026-03-07 07:24:13 | pretrain | INFO |   Best val PPL: 23.94
2026-03-07 07:24:13 | pretrain | INFO |   Time: 5155s (1.4h)
2026-03-07 07:24:13 | pretrain | INFO |   Checkpoint: /content/gpt-2/v1_nvidia/checkpoints/pretrained/best
2026-03-07 07:24:13 | pretrain | INFO |   Log: /content/gpt-2/v1_nvidia/logs/pretrain.log
2026-03-07 07:24:13 | pretrain | INFO | ============================================================
